Component: ARM Compiler 6.16 Tool: armlink [5dfeaa00]

==============================================================================

Section Cross References

    app.o(.text.Init_Task) refers to dio_pbcfg.o(.rodata.Dio_Configuration) for Dio_Configuration
    app.o(.text.Init_Task) refers to dio.o(.text.Dio_Init) for Dio_Init
    app.o(.text.Init_Task) refers to port_pbcfg.o(.rodata.Port_Configuration) for Port_Configuration
    app.o(.text.Init_Task) refers to port.o(.text.Port_Init) for Port_Init
    app.o(.ARM.exidx.text.Init_Task) refers to app.o(.text.Init_Task) for [Anonymous Symbol]
    app.o(.text.Button_Task) refers to button.o(.text.BUTTON_refreshState) for BUTTON_refreshState
    app.o(.ARM.exidx.text.Button_Task) refers to app.o(.text.Button_Task) for [Anonymous Symbol]
    app.o(.text.Led_Task) refers to led.o(.text.LED_refreshOutput) for LED_refreshOutput
    app.o(.ARM.exidx.text.Led_Task) refers to app.o(.text.Led_Task) for [Anonymous Symbol]
    app.o(.text.App_Task) refers to button.o(.text.BUTTON_getState) for BUTTON_getState
    app.o(.text.App_Task) refers to app.o(.data.App_Task.button_current_state) for App_Task.button_current_state
    app.o(.text.App_Task) refers to app.o(.data.App_Task.button_previous_state) for App_Task.button_previous_state
    app.o(.text.App_Task) refers to led.o(.text.LED_toggle) for LED_toggle
    app.o(.ARM.exidx.text.App_Task) refers to app.o(.text.App_Task) for [Anonymous Symbol]
    button.o(.text.BUTTON_getState) refers to button.o(.bss.g_button_state) for g_button_state
    button.o(.ARM.exidx.text.BUTTON_getState) refers to button.o(.text.BUTTON_getState) for [Anonymous Symbol]
    button.o(.text.BUTTON_refreshState) refers to dio.o(.text.Dio_ReadChannel) for Dio_ReadChannel
    button.o(.text.BUTTON_refreshState) refers to button.o(.bss.BUTTON_refreshState.g_Released_Count) for BUTTON_refreshState.g_Released_Count
    button.o(.text.BUTTON_refreshState) refers to button.o(.bss.BUTTON_refreshState.g_Pressed_Count) for BUTTON_refreshState.g_Pressed_Count
    button.o(.text.BUTTON_refreshState) refers to button.o(.bss.g_button_state) for g_button_state
    button.o(.ARM.exidx.text.BUTTON_refreshState) refers to button.o(.text.BUTTON_refreshState) for [Anonymous Symbol]
    det.o(.ARM.exidx.text.Det_Init) refers to det.o(.text.Det_Init) for [Anonymous Symbol]
    det.o(.ARM.exidx.text.Det_Start) refers to det.o(.text.Det_Start) for [Anonymous Symbol]
    det.o(.text.Det_ReportError) refers to det.o(.bss.Det_ModuleId) for Det_ModuleId
    det.o(.text.Det_ReportError) refers to det.o(.bss.Det_InstanceId) for Det_InstanceId
    det.o(.text.Det_ReportError) refers to det.o(.bss.Det_ApiId) for Det_ApiId
    det.o(.text.Det_ReportError) refers to det.o(.bss.Det_ErrorId) for Det_ErrorId
    det.o(.ARM.exidx.text.Det_ReportError) refers to det.o(.text.Det_ReportError) for [Anonymous Symbol]
    dio.o(.text.Dio_Init) refers to dio.o(.bss.Dio_Status) for Dio_Status
    dio.o(.text.Dio_Init) refers to dio.o(.bss.Dio_PortChannels) for Dio_PortChannels
    dio.o(.text.Dio_Init) refers to dio.o(.bss.Dio_Ports) for Dio_Ports
    dio.o(.text.Dio_Init) refers to det.o(.text.Det_ReportError) for Det_ReportError
    dio.o(.ARM.exidx.text.Dio_Init) refers to dio.o(.text.Dio_Init) for [Anonymous Symbol]
    dio.o(.text.Dio_WriteChannel) refers to dio.o(.bss.Dio_Status) for Dio_Status
    dio.o(.text.Dio_WriteChannel) refers to det.o(.text.Det_ReportError) for Det_ReportError
    dio.o(.text.Dio_WriteChannel) refers to dio.o(.bss.Dio_PortChannels) for Dio_PortChannels
    dio.o(.ARM.exidx.text.Dio_WriteChannel) refers to dio.o(.text.Dio_WriteChannel) for [Anonymous Symbol]
    dio.o(.text.Dio_ReadChannel) refers to dio.o(.bss.Dio_Status) for Dio_Status
    dio.o(.text.Dio_ReadChannel) refers to det.o(.text.Det_ReportError) for Det_ReportError
    dio.o(.text.Dio_ReadChannel) refers to dio.o(.bss.Dio_PortChannels) for Dio_PortChannels
    dio.o(.ARM.exidx.text.Dio_ReadChannel) refers to dio.o(.text.Dio_ReadChannel) for [Anonymous Symbol]
    dio.o(.text.Dio_WritePort) refers to dio.o(.bss.Dio_Status) for Dio_Status
    dio.o(.text.Dio_WritePort) refers to det.o(.text.Det_ReportError) for Det_ReportError
    dio.o(.text.Dio_WritePort) refers to dio.o(.bss.Dio_Ports) for Dio_Ports
    dio.o(.ARM.exidx.text.Dio_WritePort) refers to dio.o(.text.Dio_WritePort) for [Anonymous Symbol]
    dio.o(.text.Dio_ReadPort) refers to dio.o(.bss.Dio_Status) for Dio_Status
    dio.o(.text.Dio_ReadPort) refers to det.o(.text.Det_ReportError) for Det_ReportError
    dio.o(.text.Dio_ReadPort) refers to dio.o(.bss.Dio_Ports) for Dio_Ports
    dio.o(.ARM.exidx.text.Dio_ReadPort) refers to dio.o(.text.Dio_ReadPort) for [Anonymous Symbol]
    dio.o(.text.Dio_GetVersionInfo) refers to dio.o(.bss.Dio_Status) for Dio_Status
    dio.o(.text.Dio_GetVersionInfo) refers to det.o(.text.Det_ReportError) for Det_ReportError
    dio.o(.ARM.exidx.text.Dio_GetVersionInfo) refers to dio.o(.text.Dio_GetVersionInfo) for [Anonymous Symbol]
    dio.o(.text.Dio_ReadChannelGroup) refers to det.o(.text.Det_ReportError) for Det_ReportError
    dio.o(.text.Dio_ReadChannelGroup) refers to dio.o(.bss.Dio_Status) for Dio_Status
    dio.o(.text.Dio_ReadChannelGroup) refers to dio.o(.bss.Dio_Ports) for Dio_Ports
    dio.o(.ARM.exidx.text.Dio_ReadChannelGroup) refers to dio.o(.text.Dio_ReadChannelGroup) for [Anonymous Symbol]
    dio.o(.text.Dio_WriteChannelGroup) refers to det.o(.text.Det_ReportError) for Det_ReportError
    dio.o(.text.Dio_WriteChannelGroup) refers to dio.o(.bss.Dio_Status) for Dio_Status
    dio.o(.text.Dio_WriteChannelGroup) refers to dio.o(.bss.Dio_Ports) for Dio_Ports
    dio.o(.ARM.exidx.text.Dio_WriteChannelGroup) refers to dio.o(.text.Dio_WriteChannelGroup) for [Anonymous Symbol]
    dio.o(.text.Dio_FlipChannel) refers to dio.o(.bss.Dio_Status) for Dio_Status
    dio.o(.text.Dio_FlipChannel) refers to det.o(.text.Det_ReportError) for Det_ReportError
    dio.o(.text.Dio_FlipChannel) refers to dio.o(.bss.Dio_PortChannels) for Dio_PortChannels
    dio.o(.ARM.exidx.text.Dio_FlipChannel) refers to dio.o(.text.Dio_FlipChannel) for [Anonymous Symbol]
    gpt.o(.text.SysTick_Handler) refers to gpt.o(.bss.g_SysTick_Call_Back_Ptr) for g_SysTick_Call_Back_Ptr
    gpt.o(.ARM.exidx.text.SysTick_Handler) refers to gpt.o(.text.SysTick_Handler) for [Anonymous Symbol]
    gpt.o(.ARM.exidx.text.SysTick_Start) refers to gpt.o(.text.SysTick_Start) for [Anonymous Symbol]
    gpt.o(.ARM.exidx.text.SysTick_Stop) refers to gpt.o(.text.SysTick_Stop) for [Anonymous Symbol]
    gpt.o(.text.SysTick_SetCallBack) refers to gpt.o(.bss.g_SysTick_Call_Back_Ptr) for g_SysTick_Call_Back_Ptr
    gpt.o(.ARM.exidx.text.SysTick_SetCallBack) refers to gpt.o(.text.SysTick_SetCallBack) for [Anonymous Symbol]
    led.o(.text.LED_setOn) refers to dio.o(.text.Dio_WriteChannel) for Dio_WriteChannel
    led.o(.ARM.exidx.text.LED_setOn) refers to led.o(.text.LED_setOn) for [Anonymous Symbol]
    led.o(.text.LED_setOff) refers to dio.o(.text.Dio_WriteChannel) for Dio_WriteChannel
    led.o(.ARM.exidx.text.LED_setOff) refers to led.o(.text.LED_setOff) for [Anonymous Symbol]
    led.o(.text.LED_refreshOutput) refers to dio.o(.text.Dio_ReadChannel) for Dio_ReadChannel
    led.o(.text.LED_refreshOutput) refers to dio.o(.text.Dio_WriteChannel) for Dio_WriteChannel
    led.o(.ARM.exidx.text.LED_refreshOutput) refers to led.o(.text.LED_refreshOutput) for [Anonymous Symbol]
    led.o(.text.LED_toggle) refers to dio.o(.text.Dio_FlipChannel) for Dio_FlipChannel
    led.o(.ARM.exidx.text.LED_toggle) refers to led.o(.text.LED_toggle) for [Anonymous Symbol]
    main.o(.text.main) refers to os.o(.text.Os_start) for Os_start
    main.o(.ARM.exidx.text.main) refers to main.o(.text.main) for [Anonymous Symbol]
    os.o(.text.Os_start) refers to os.o(.text.Os_NewTimerTick) for Os_NewTimerTick
    os.o(.text.Os_start) refers to gpt.o(.text.SysTick_SetCallBack) for SysTick_SetCallBack
    os.o(.text.Os_start) refers to gpt.o(.text.SysTick_Start) for SysTick_Start
    os.o(.text.Os_start) refers to app.o(.text.Init_Task) for Init_Task
    os.o(.text.Os_start) refers to os.o(.text.Os_Scheduler) for Os_Scheduler
    os.o(.ARM.exidx.text.Os_start) refers to os.o(.text.Os_start) for [Anonymous Symbol]
    os.o(.text.Os_NewTimerTick) refers to os.o(.bss.g_Time_Tick_Count) for g_Time_Tick_Count
    os.o(.text.Os_NewTimerTick) refers to os.o(.bss.g_New_Time_Tick_Flag) for g_New_Time_Tick_Flag
    os.o(.ARM.exidx.text.Os_NewTimerTick) refers to os.o(.text.Os_NewTimerTick) for [Anonymous Symbol]
    os.o(.text.Os_Scheduler) refers to os.o(.bss.g_New_Time_Tick_Flag) for g_New_Time_Tick_Flag
    os.o(.text.Os_Scheduler) refers to os.o(.bss.g_Time_Tick_Count) for g_Time_Tick_Count
    os.o(.text.Os_Scheduler) refers to app.o(.text.Button_Task) for Button_Task
    os.o(.text.Os_Scheduler) refers to app.o(.text.Led_Task) for Led_Task
    os.o(.text.Os_Scheduler) refers to app.o(.text.App_Task) for App_Task
    os.o(.ARM.exidx.text.Os_Scheduler) refers to os.o(.text.Os_Scheduler) for [Anonymous Symbol]
    port.o(.text.Port_Init) refers to det.o(.text.Det_ReportError) for Det_ReportError
    port.o(.text.Port_Init) refers to port.o(.bss.Port_Status) for Port_Status
    port.o(.text.Port_Init) refers to port.o(.bss.Port_Pins) for Port_Pins
    port.o(.ARM.exidx.text.Port_Init) refers to port.o(.text.Port_Init) for [Anonymous Symbol]
    port.o(.text.Port_SetPinDirection) refers to port.o(.bss.Port_Status) for Port_Status
    port.o(.text.Port_SetPinDirection) refers to det.o(.text.Det_ReportError) for Det_ReportError
    port.o(.text.Port_SetPinDirection) refers to port.o(.bss.Port_Pins) for Port_Pins
    port.o(.ARM.exidx.text.Port_SetPinDirection) refers to port.o(.text.Port_SetPinDirection) for [Anonymous Symbol]
    port.o(.text.Port_RefreshPortDirection) refers to port.o(.bss.Port_Status) for Port_Status
    port.o(.text.Port_RefreshPortDirection) refers to det.o(.text.Det_ReportError) for Det_ReportError
    port.o(.text.Port_RefreshPortDirection) refers to port.o(.bss.Port_Pins) for Port_Pins
    port.o(.ARM.exidx.text.Port_RefreshPortDirection) refers to port.o(.text.Port_RefreshPortDirection) for [Anonymous Symbol]
    port.o(.text.Port_GetVersionInfo) refers to port.o(.bss.Port_Status) for Port_Status
    port.o(.text.Port_GetVersionInfo) refers to det.o(.text.Det_ReportError) for Det_ReportError
    port.o(.ARM.exidx.text.Port_GetVersionInfo) refers to port.o(.text.Port_GetVersionInfo) for [Anonymous Symbol]
    port.o(.text.Port_SetPinMode) refers to port.o(.bss.Port_Status) for Port_Status
    port.o(.text.Port_SetPinMode) refers to det.o(.text.Det_ReportError) for Det_ReportError
    port.o(.text.Port_SetPinMode) refers to port.o(.bss.Port_Pins) for Port_Pins
    port.o(.ARM.exidx.text.Port_SetPinMode) refers to port.o(.text.Port_SetPinMode) for [Anonymous Symbol]
    startup_tm4c123.o(STACK) refers (Special) to heapauxi.o(.text) for __use_two_region_memory
    startup_tm4c123.o(HEAP) refers (Special) to heapauxi.o(.text) for __use_two_region_memory
    startup_tm4c123.o(RESET) refers (Special) to heapauxi.o(.text) for __use_two_region_memory
    startup_tm4c123.o(RESET) refers to startup_tm4c123.o(STACK) for __initial_sp
    startup_tm4c123.o(RESET) refers to startup_tm4c123.o(.text) for Reset_Handler
    startup_tm4c123.o(RESET) refers to gpt.o(.text.SysTick_Handler) for SysTick_Handler
    startup_tm4c123.o(.text) refers (Special) to heapauxi.o(.text) for __use_two_region_memory
    startup_tm4c123.o(.text) refers to system_tm4c123.o(.text.SystemInit) for SystemInit
    startup_tm4c123.o(.text) refers to __main.o(!!!main) for __main
    startup_tm4c123.o(.text) refers to startup_tm4c123.o(HEAP) for Heap_Mem
    startup_tm4c123.o(.text) refers to startup_tm4c123.o(STACK) for Stack_Mem
    system_tm4c123.o(.text.SystemCoreClockUpdate) refers to system_tm4c123.o(.text.getOscClk) for getOscClk
    system_tm4c123.o(.text.SystemCoreClockUpdate) refers to system_tm4c123.o(.data.SystemCoreClock) for SystemCoreClock
    system_tm4c123.o(.ARM.exidx.text.SystemCoreClockUpdate) refers to system_tm4c123.o(.text.SystemCoreClockUpdate) for [Anonymous Symbol]
    system_tm4c123.o(.text.getOscClk) refers to system_tm4c123.o(.rodata..Lswitch.table.getOscClk) for .Lswitch.table.getOscClk
    system_tm4c123.o(.ARM.exidx.text.getOscClk) refers to system_tm4c123.o(.text.getOscClk) for [Anonymous Symbol]
    system_tm4c123.o(.ARM.exidx.text.SystemInit) refers to system_tm4c123.o(.text.SystemInit) for [Anonymous Symbol]
    __main.o(!!!main) refers to __rtentry.o(.ARM.Collect$$rtentry$$00000000) for __rt_entry
    __rtentry.o(.ARM.Collect$$rtentry$$00000000) refers (Special) to __rtentry2.o(.ARM.Collect$$rtentry$$0000000A) for __rt_entry_li
    __rtentry.o(.ARM.Collect$$rtentry$$00000000) refers (Special) to __rtentry2.o(.ARM.Collect$$rtentry$$0000000D) for __rt_entry_main
    __rtentry.o(.ARM.Collect$$rtentry$$00000000) refers (Special) to __rtentry2.o(.ARM.Collect$$rtentry$$0000000C) for __rt_entry_postli_1
    __rtentry.o(.ARM.Collect$$rtentry$$00000000) refers (Special) to __rtentry2.o(.ARM.Collect$$rtentry$$00000009) for __rt_entry_postsh_1
    __rtentry.o(.ARM.Collect$$rtentry$$00000000) refers (Special) to __rtentry2.o(.ARM.Collect$$rtentry$$00000002) for __rt_entry_presh_1
    __rtentry.o(.ARM.Collect$$rtentry$$00000000) refers (Special) to __rtentry4.o(.ARM.Collect$$rtentry$$00000004) for __rt_entry_sh
    __rtentry2.o(.ARM.Collect$$rtentry$$00000008) refers to boardinit2.o(.text) for _platform_post_stackheap_init
    __rtentry2.o(.ARM.Collect$$rtentry$$0000000A) refers to libinit.o(.ARM.Collect$$libinit$$00000000) for __rt_lib_init
    __rtentry2.o(.ARM.Collect$$rtentry$$0000000B) refers to boardinit3.o(.text) for _platform_post_lib_init
    __rtentry2.o(.ARM.Collect$$rtentry$$0000000D) refers to main.o(.text.main) for main
    __rtentry2.o(.ARM.Collect$$rtentry$$0000000D) refers to exit.o(.text) for exit
    __rtentry2.o(.ARM.exidx) refers to __rtentry2.o(.ARM.Collect$$rtentry$$00000001) for .ARM.Collect$$rtentry$$00000001
    __rtentry2.o(.ARM.exidx) refers to __rtentry2.o(.ARM.Collect$$rtentry$$00000008) for .ARM.Collect$$rtentry$$00000008
    __rtentry2.o(.ARM.exidx) refers to __rtentry2.o(.ARM.Collect$$rtentry$$0000000A) for .ARM.Collect$$rtentry$$0000000A
    __rtentry2.o(.ARM.exidx) refers to __rtentry2.o(.ARM.Collect$$rtentry$$0000000B) for .ARM.Collect$$rtentry$$0000000B
    __rtentry2.o(.ARM.exidx) refers to __rtentry2.o(.ARM.Collect$$rtentry$$0000000D) for .ARM.Collect$$rtentry$$0000000D
    __rtentry4.o(.ARM.Collect$$rtentry$$00000004) refers to sys_stackheap_outer.o(.text) for __user_setup_stackheap
    __rtentry4.o(.ARM.exidx) refers to __rtentry4.o(.ARM.Collect$$rtentry$$00000004) for .ARM.Collect$$rtentry$$00000004
    sys_stackheap_outer.o(.text) refers to libspace.o(.text) for __user_perproc_libspace
    sys_stackheap_outer.o(.text) refers to startup_tm4c123.o(.text) for __user_initial_stackheap
    exit.o(.text) refers to rtexit.o(.ARM.Collect$$rtexit$$00000000) for __rt_exit
    libinit.o(.ARM.Collect$$libinit$$00000000) refers (Special) to libinit2.o(.ARM.Collect$$libinit$$0000002E) for __rt_lib_init_alloca_1
    libinit.o(.ARM.Collect$$libinit$$00000000) refers (Special) to libinit2.o(.ARM.Collect$$libinit$$0000002C) for __rt_lib_init_argv_1
    libinit.o(.ARM.Collect$$libinit$$00000000) refers (Special) to libinit2.o(.ARM.Collect$$libinit$$0000001B) for __rt_lib_init_atexit_1
    libinit.o(.ARM.Collect$$libinit$$00000000) refers (Special) to libinit2.o(.ARM.Collect$$libinit$$00000021) for __rt_lib_init_clock_1
    libinit.o(.ARM.Collect$$libinit$$00000000) refers (Special) to libinit2.o(.ARM.Collect$$libinit$$00000032) for __rt_lib_init_cpp_1
    libinit.o(.ARM.Collect$$libinit$$00000000) refers (Special) to libinit2.o(.ARM.Collect$$libinit$$00000030) for __rt_lib_init_exceptions_1
    libinit.o(.ARM.Collect$$libinit$$00000000) refers (Special) to libinit2.o(.ARM.Collect$$libinit$$00000001) for __rt_lib_init_fp_1
    libinit.o(.ARM.Collect$$libinit$$00000000) refers (Special) to libinit2.o(.ARM.Collect$$libinit$$0000001F) for __rt_lib_init_fp_trap_1
    libinit.o(.ARM.Collect$$libinit$$00000000) refers (Special) to libinit2.o(.ARM.Collect$$libinit$$00000023) for __rt_lib_init_getenv_1
    libinit.o(.ARM.Collect$$libinit$$00000000) refers (Special) to libinit2.o(.ARM.Collect$$libinit$$0000000A) for __rt_lib_init_heap_1
    libinit.o(.ARM.Collect$$libinit$$00000000) refers (Special) to libinit2.o(.ARM.Collect$$libinit$$00000011) for __rt_lib_init_lc_collate_1
    libinit.o(.ARM.Collect$$libinit$$00000000) refers (Special) to libinit2.o(.ARM.Collect$$libinit$$00000013) for __rt_lib_init_lc_ctype_1
    libinit.o(.ARM.Collect$$libinit$$00000000) refers (Special) to libinit2.o(.ARM.Collect$$libinit$$00000015) for __rt_lib_init_lc_monetary_1
    libinit.o(.ARM.Collect$$libinit$$00000000) refers (Special) to libinit2.o(.ARM.Collect$$libinit$$00000017) for __rt_lib_init_lc_numeric_1
    libinit.o(.ARM.Collect$$libinit$$00000000) refers (Special) to libinit2.o(.ARM.Collect$$libinit$$00000019) for __rt_lib_init_lc_time_1
    libinit.o(.ARM.Collect$$libinit$$00000000) refers (Special) to libinit2.o(.ARM.Collect$$libinit$$00000004) for __rt_lib_init_preinit_1
    libinit.o(.ARM.Collect$$libinit$$00000000) refers (Special) to libinit2.o(.ARM.Collect$$libinit$$0000000E) for __rt_lib_init_rand_1
    libinit.o(.ARM.Collect$$libinit$$00000000) refers (Special) to libinit2.o(.ARM.Collect$$libinit$$00000033) for __rt_lib_init_return
    libinit.o(.ARM.Collect$$libinit$$00000000) refers (Special) to libinit2.o(.ARM.Collect$$libinit$$0000001D) for __rt_lib_init_signal_1
    libinit.o(.ARM.Collect$$libinit$$00000000) refers (Special) to libinit2.o(.ARM.Collect$$libinit$$00000025) for __rt_lib_init_stdio_1
    libinit.o(.ARM.Collect$$libinit$$00000000) refers (Special) to libinit2.o(.ARM.Collect$$libinit$$0000000C) for __rt_lib_init_user_alloc_1
    libspace.o(.text) refers to libspace.o(.bss) for __libspace_start
    rtexit.o(.ARM.Collect$$rtexit$$00000000) refers (Special) to rtexit2.o(.ARM.Collect$$rtexit$$00000004) for __rt_exit_exit
    rtexit.o(.ARM.Collect$$rtexit$$00000000) refers (Special) to rtexit2.o(.ARM.Collect$$rtexit$$00000003) for __rt_exit_ls
    rtexit.o(.ARM.Collect$$rtexit$$00000000) refers (Special) to rtexit2.o(.ARM.Collect$$rtexit$$00000002) for __rt_exit_prels_1
    rtexit.o(.ARM.exidx) refers (Special) to rtexit2.o(.ARM.Collect$$rtexit$$00000004) for __rt_exit_exit
    rtexit.o(.ARM.exidx) refers (Special) to rtexit2.o(.ARM.Collect$$rtexit$$00000003) for __rt_exit_ls
    rtexit.o(.ARM.exidx) refers (Special) to rtexit2.o(.ARM.Collect$$rtexit$$00000002) for __rt_exit_prels_1
    rtexit.o(.ARM.exidx) refers to rtexit.o(.ARM.Collect$$rtexit$$00000000) for .ARM.Collect$$rtexit$$00000000
    libinit2.o(.ARM.Collect$$libinit$$00000001) refers to fpinit.o(x$fpl$fpinit) for _fp_init
    libinit2.o(.ARM.Collect$$libinit$$00000010) refers to libinit2.o(.ARM.Collect$$libinit$$0000000F) for .ARM.Collect$$libinit$$0000000F
    libinit2.o(.ARM.Collect$$libinit$$00000012) refers to libinit2.o(.ARM.Collect$$libinit$$0000000F) for .ARM.Collect$$libinit$$0000000F
    libinit2.o(.ARM.Collect$$libinit$$00000014) refers to libinit2.o(.ARM.Collect$$libinit$$0000000F) for .ARM.Collect$$libinit$$0000000F
    libinit2.o(.ARM.Collect$$libinit$$00000016) refers to libinit2.o(.ARM.Collect$$libinit$$0000000F) for .ARM.Collect$$libinit$$0000000F
    libinit2.o(.ARM.Collect$$libinit$$00000018) refers to libinit2.o(.ARM.Collect$$libinit$$0000000F) for .ARM.Collect$$libinit$$0000000F
    libinit2.o(.ARM.Collect$$libinit$$00000026) refers to argv_veneer.o(.emb_text) for __ARM_argv_veneer
    libinit2.o(.ARM.Collect$$libinit$$00000027) refers to argv_veneer.o(.emb_text) for __ARM_argv_veneer
    rtexit2.o(.ARM.Collect$$rtexit$$00000003) refers to libshutdown.o(.ARM.Collect$$libshutdown$$00000000) for __rt_lib_shutdown
    rtexit2.o(.ARM.Collect$$rtexit$$00000004) refers to sys_exit.o(.text) for _sys_exit
    rtexit2.o(.ARM.exidx) refers to rtexit2.o(.ARM.Collect$$rtexit$$00000001) for .ARM.Collect$$rtexit$$00000001
    rtexit2.o(.ARM.exidx) refers to rtexit2.o(.ARM.Collect$$rtexit$$00000003) for .ARM.Collect$$rtexit$$00000003
    rtexit2.o(.ARM.exidx) refers to rtexit2.o(.ARM.Collect$$rtexit$$00000004) for .ARM.Collect$$rtexit$$00000004
    argv_veneer.o(.emb_text) refers to no_argv.o(.text) for __ARM_get_argv
    sys_exit.o(.text) refers (Special) to use_no_semi.o(.text) for __I$use$semihosting
    sys_exit.o(.text) refers (Special) to indicate_semi.o(.text) for __semihosting_library_function
    sys_exit_hlt.o(.text) refers (Special) to use_no_semi.o(.text) for __I$use$semihosting
    sys_exit_hlt.o(.text) refers (Special) to indicate_semi.o(.text) for __semihosting_library_function
    _get_argv_nomalloc.o(.text) refers (Special) to hrguard.o(.text) for __heap_region$guard
    _get_argv_nomalloc.o(.text) refers to defsig_rtmem_outer.o(.text) for __rt_SIGRTMEM
    _get_argv_nomalloc.o(.text) refers to sys_command.o(.text) for _sys_command_string
    libshutdown.o(.ARM.Collect$$libshutdown$$00000000) refers (Special) to libshutdown2.o(.ARM.Collect$$libshutdown$$00000002) for __rt_lib_shutdown_cpp_1
    libshutdown.o(.ARM.Collect$$libshutdown$$00000000) refers (Special) to libshutdown2.o(.ARM.Collect$$libshutdown$$00000007) for __rt_lib_shutdown_fp_trap_1
    libshutdown.o(.ARM.Collect$$libshutdown$$00000000) refers (Special) to libshutdown2.o(.ARM.Collect$$libshutdown$$0000000F) for __rt_lib_shutdown_heap_1
    libshutdown.o(.ARM.Collect$$libshutdown$$00000000) refers (Special) to libshutdown2.o(.ARM.Collect$$libshutdown$$00000010) for __rt_lib_shutdown_return
    libshutdown.o(.ARM.Collect$$libshutdown$$00000000) refers (Special) to libshutdown2.o(.ARM.Collect$$libshutdown$$0000000A) for __rt_lib_shutdown_signal_1
    libshutdown.o(.ARM.Collect$$libshutdown$$00000000) refers (Special) to libshutdown2.o(.ARM.Collect$$libshutdown$$00000004) for __rt_lib_shutdown_stdio_1
    libshutdown.o(.ARM.Collect$$libshutdown$$00000000) refers (Special) to libshutdown2.o(.ARM.Collect$$libshutdown$$0000000C) for __rt_lib_shutdown_user_alloc_1
    sys_command.o(.text) refers (Special) to use_no_semi.o(.text) for __I$use$semihosting
    sys_command.o(.text) refers (Special) to indicate_semi.o(.text) for __semihosting_library_function
    sys_command_hlt.o(.text) refers (Special) to use_no_semi.o(.text) for __I$use$semihosting
    sys_command_hlt.o(.text) refers (Special) to indicate_semi.o(.text) for __semihosting_library_function
    defsig_rtmem_outer.o(.text) refers to defsig_rtmem_inner.o(.text) for __rt_SIGRTMEM_inner
    defsig_rtmem_outer.o(.text) refers to defsig_exit.o(.text) for __sig_exit
    defsig_rtmem_formal.o(.text) refers to rt_raise.o(.text) for __rt_raise
    rt_raise.o(.text) refers to __raise.o(.text) for __raise
    rt_raise.o(.text) refers to sys_exit.o(.text) for _sys_exit
    defsig_exit.o(.text) refers to sys_exit.o(.text) for _sys_exit
    defsig_rtmem_inner.o(.text) refers to defsig_general.o(.text) for __default_signal_display
    __raise.o(.text) refers to defsig.o(CL$$defsig) for __default_signal_handler
    defsig_general.o(.text) refers to sys_wrch.o(.text) for _ttywrch
    sys_wrch.o(.text) refers (Special) to use_no_semi.o(.text) for __I$use$semihosting
    sys_wrch.o(.text) refers (Special) to indicate_semi.o(.text) for __semihosting_library_function
    sys_wrch_hlt.o(.text) refers (Special) to use_no_semi.o(.text) for __I$use$semihosting
    sys_wrch_hlt.o(.text) refers (Special) to indicate_semi.o(.text) for __semihosting_library_function
    defsig.o(CL$$defsig) refers to defsig_rtmem_inner.o(.text) for __rt_SIGRTMEM_inner
    defsig_abrt_inner.o(.text) refers to defsig_general.o(.text) for __default_signal_display
    defsig_fpe_inner.o(.text) refers to defsig_general.o(.text) for __default_signal_display
    defsig_rtred_inner.o(.text) refers to defsig_general.o(.text) for __default_signal_display
    defsig_stak_inner.o(.text) refers to defsig_general.o(.text) for __default_signal_display
    defsig_pvfn_inner.o(.text) refers to defsig_general.o(.text) for __default_signal_display
    defsig_cppl_inner.o(.text) refers to defsig_general.o(.text) for __default_signal_display
    defsig_segv_inner.o(.text) refers to defsig_general.o(.text) for __default_signal_display
    defsig_other.o(.text) refers to defsig_general.o(.text) for __default_signal_display


==============================================================================

Removing Unused input sections from the image.

    Removing dd.o(.text), (0 bytes).
    Removing app.o(.text), (0 bytes).
    Removing app.o(.ARM.exidx.text.Init_Task), (8 bytes).
    Removing app.o(.ARM.exidx.text.Button_Task), (8 bytes).
    Removing app.o(.ARM.exidx.text.Led_Task), (8 bytes).
    Removing app.o(.ARM.exidx.text.App_Task), (8 bytes).
    Removing button.o(.text), (0 bytes).
    Removing button.o(.ARM.exidx.text.BUTTON_getState), (8 bytes).
    Removing button.o(.ARM.exidx.text.BUTTON_refreshState), (8 bytes).
    Removing det.o(.text), (0 bytes).
    Removing det.o(.text.Det_Init), (2 bytes).
    Removing det.o(.ARM.exidx.text.Det_Init), (8 bytes).
    Removing det.o(.text.Det_Start), (2 bytes).
    Removing det.o(.ARM.exidx.text.Det_Start), (8 bytes).
    Removing det.o(.ARM.exidx.text.Det_ReportError), (8 bytes).
    Removing dio.o(.text), (0 bytes).
    Removing dio.o(.ARM.exidx.text.Dio_Init), (8 bytes).
    Removing dio.o(.ARM.exidx.text.Dio_WriteChannel), (8 bytes).
    Removing dio.o(.ARM.exidx.text.Dio_ReadChannel), (8 bytes).
    Removing dio.o(.text.Dio_WritePort), (184 bytes).
    Removing dio.o(.ARM.exidx.text.Dio_WritePort), (8 bytes).
    Removing dio.o(.text.Dio_ReadPort), (172 bytes).
    Removing dio.o(.ARM.exidx.text.Dio_ReadPort), (8 bytes).
    Removing dio.o(.text.Dio_GetVersionInfo), (62 bytes).
    Removing dio.o(.ARM.exidx.text.Dio_GetVersionInfo), (8 bytes).
    Removing dio.o(.text.Dio_ReadChannelGroup), (232 bytes).
    Removing dio.o(.ARM.exidx.text.Dio_ReadChannelGroup), (8 bytes).
    Removing dio.o(.text.Dio_WriteChannelGroup), (242 bytes).
    Removing dio.o(.ARM.exidx.text.Dio_WriteChannelGroup), (8 bytes).
    Removing dio.o(.ARM.exidx.text.Dio_FlipChannel), (8 bytes).
    Removing dio_pbcfg.o(.text), (0 bytes).
    Removing gpt.o(.text), (0 bytes).
    Removing gpt.o(.ARM.exidx.text.SysTick_Handler), (8 bytes).
    Removing gpt.o(.ARM.exidx.text.SysTick_Start), (8 bytes).
    Removing gpt.o(.text.SysTick_Stop), (14 bytes).
    Removing gpt.o(.ARM.exidx.text.SysTick_Stop), (8 bytes).
    Removing gpt.o(.ARM.exidx.text.SysTick_SetCallBack), (8 bytes).
    Removing led.o(.text), (0 bytes).
    Removing led.o(.text.LED_setOn), (12 bytes).
    Removing led.o(.ARM.exidx.text.LED_setOn), (8 bytes).
    Removing led.o(.text.LED_setOff), (12 bytes).
    Removing led.o(.ARM.exidx.text.LED_setOff), (8 bytes).
    Removing led.o(.ARM.exidx.text.LED_refreshOutput), (8 bytes).
    Removing led.o(.ARM.exidx.text.LED_toggle), (8 bytes).
    Removing main.o(.text), (0 bytes).
    Removing main.o(.ARM.exidx.text.main), (8 bytes).
    Removing main.o(.ARM.use_no_argv), (4 bytes).
    Removing os.o(.text), (0 bytes).
    Removing os.o(.ARM.exidx.text.Os_start), (8 bytes).
    Removing os.o(.ARM.exidx.text.Os_NewTimerTick), (8 bytes).
    Removing os.o(.ARM.exidx.text.Os_Scheduler), (8 bytes).
    Removing port.o(.text), (0 bytes).
    Removing port.o(.ARM.exidx.text.Port_Init), (8 bytes).
    Removing port.o(.text.Port_SetPinDirection), (202 bytes).
    Removing port.o(.ARM.exidx.text.Port_SetPinDirection), (8 bytes).
    Removing port.o(.text.Port_RefreshPortDirection), (160 bytes).
    Removing port.o(.ARM.exidx.text.Port_RefreshPortDirection), (8 bytes).
    Removing port.o(.text.Port_GetVersionInfo), (60 bytes).
    Removing port.o(.ARM.exidx.text.Port_GetVersionInfo), (8 bytes).
    Removing port.o(.text.Port_SetPinMode), (352 bytes).
    Removing port.o(.ARM.exidx.text.Port_SetPinMode), (8 bytes).
    Removing port_pbcfg.o(.text), (0 bytes).
    Removing system_tm4c123.o(.text), (0 bytes).
    Removing system_tm4c123.o(.text.SystemCoreClockUpdate), (132 bytes).
    Removing system_tm4c123.o(.ARM.exidx.text.SystemCoreClockUpdate), (8 bytes).
    Removing system_tm4c123.o(.text.getOscClk), (56 bytes).
    Removing system_tm4c123.o(.ARM.exidx.text.getOscClk), (8 bytes).
    Removing system_tm4c123.o(.ARM.exidx.text.SystemInit), (8 bytes).
    Removing system_tm4c123.o(.data.SystemCoreClock), (4 bytes).
    Removing system_tm4c123.o(.rodata..Lswitch.table.getOscClk), (92 bytes).

70 unused section(s) (total 2300 bytes) removed from the image.

==============================================================================

Image Symbol Table

    Local Symbols

    Symbol Name                              Value     Ov Type        Size  Object(Section)

    ../clib/angel/boardlib.s                 0x00000000   Number         0  boardinit1.o ABSOLUTE
    ../clib/angel/boardlib.s                 0x00000000   Number         0  boardinit2.o ABSOLUTE
    ../clib/angel/boardlib.s                 0x00000000   Number         0  boardinit3.o ABSOLUTE
    ../clib/angel/boardlib.s                 0x00000000   Number         0  boardshut.o ABSOLUTE
    ../clib/angel/handlers.s                 0x00000000   Number         0  __scatter_copy.o ABSOLUTE
    ../clib/angel/handlers.s                 0x00000000   Number         0  __scatter_zi.o ABSOLUTE
    ../clib/angel/kernel.s                   0x00000000   Number         0  __rtentry.o ABSOLUTE
    ../clib/angel/kernel.s                   0x00000000   Number         0  __rtentry2.o ABSOLUTE
    ../clib/angel/kernel.s                   0x00000000   Number         0  __rtentry4.o ABSOLUTE
    ../clib/angel/kernel.s                   0x00000000   Number         0  rtexit.o ABSOLUTE
    ../clib/angel/kernel.s                   0x00000000   Number         0  rtexit2.o ABSOLUTE
    ../clib/angel/rt.s                       0x00000000   Number         0  rt_raise.o ABSOLUTE
    ../clib/angel/scatter.s                  0x00000000   Number         0  __scatter.o ABSOLUTE
    ../clib/angel/startup.s                  0x00000000   Number         0  __main.o ABSOLUTE
    ../clib/angel/sys.s                      0x00000000   Number         0  sys_stackheap_outer.o ABSOLUTE
    ../clib/angel/sys.s                      0x00000000   Number         0  libspace.o ABSOLUTE
    ../clib/angel/sys.s                      0x00000000   Number         0  use_no_semi.o ABSOLUTE
    ../clib/angel/sys.s                      0x00000000   Number         0  indicate_semi.o ABSOLUTE
    ../clib/angel/sysapp.c                   0x00000000   Number         0  sys_exit.o ABSOLUTE
    ../clib/angel/sysapp.c                   0x00000000   Number         0  sys_exit_hlt.o ABSOLUTE
    ../clib/angel/sysapp.c                   0x00000000   Number         0  sys_command.o ABSOLUTE
    ../clib/angel/sysapp.c                   0x00000000   Number         0  sys_command_hlt.o ABSOLUTE
    ../clib/angel/sysapp.c                   0x00000000   Number         0  sys_wrch.o ABSOLUTE
    ../clib/angel/sysapp.c                   0x00000000   Number         0  sys_wrch_hlt.o ABSOLUTE
    ../clib/armsys.c                         0x00000000   Number         0  argv_veneer.o ABSOLUTE
    ../clib/armsys.c                         0x00000000   Number         0  argv_veneer.o ABSOLUTE
    ../clib/armsys.c                         0x00000000   Number         0  _get_argv_nomalloc.o ABSOLUTE
    ../clib/armsys.c                         0x00000000   Number         0  no_argv.o ABSOLUTE
    ../clib/heapalloc.c                      0x00000000   Number         0  hrguard.o ABSOLUTE
    ../clib/heapaux.c                        0x00000000   Number         0  heapauxi.o ABSOLUTE
    ../clib/libinit.s                        0x00000000   Number         0  libinit.o ABSOLUTE
    ../clib/libinit.s                        0x00000000   Number         0  libinit2.o ABSOLUTE
    ../clib/libinit.s                        0x00000000   Number         0  libshutdown.o ABSOLUTE
    ../clib/libinit.s                        0x00000000   Number         0  libshutdown2.o ABSOLUTE
    ../clib/signal.c                         0x00000000   Number         0  defsig_rtmem_outer.o ABSOLUTE
    ../clib/signal.c                         0x00000000   Number         0  defsig_rtmem_formal.o ABSOLUTE
    ../clib/signal.c                         0x00000000   Number         0  defsig_exit.o ABSOLUTE
    ../clib/signal.c                         0x00000000   Number         0  defsig_rtmem_inner.o ABSOLUTE
    ../clib/signal.c                         0x00000000   Number         0  __raise.o ABSOLUTE
    ../clib/signal.c                         0x00000000   Number         0  defsig_general.o ABSOLUTE
    ../clib/signal.c                         0x00000000   Number         0  defsig_abrt_inner.o ABSOLUTE
    ../clib/signal.c                         0x00000000   Number         0  defsig_fpe_inner.o ABSOLUTE
    ../clib/signal.c                         0x00000000   Number         0  defsig_rtred_inner.o ABSOLUTE
    ../clib/signal.c                         0x00000000   Number         0  defsig_stak_inner.o ABSOLUTE
    ../clib/signal.c                         0x00000000   Number         0  defsig_pvfn_inner.o ABSOLUTE
    ../clib/signal.c                         0x00000000   Number         0  defsig_cppl_inner.o ABSOLUTE
    ../clib/signal.c                         0x00000000   Number         0  defsig_segv_inner.o ABSOLUTE
    ../clib/signal.c                         0x00000000   Number         0  defsig_other.o ABSOLUTE
    ../clib/signal.s                         0x00000000   Number         0  defsig.o ABSOLUTE
    ../clib/stdlib.c                         0x00000000   Number         0  exit.o ABSOLUTE
    ../fplib/fpinit.s                        0x00000000   Number         0  fpinit.o ABSOLUTE
    App.c                                    0x00000000   Number         0  app.o ABSOLUTE
    Button.c                                 0x00000000   Number         0  button.o ABSOLUTE
    Det.c                                    0x00000000   Number         0  det.o ABSOLUTE
    Dio.c                                    0x00000000   Number         0  dio.o ABSOLUTE
    Dio_PBcfg.c                              0x00000000   Number         0  dio_pbcfg.o ABSOLUTE
    Gpt.c                                    0x00000000   Number         0  gpt.o ABSOLUTE
    Led.c                                    0x00000000   Number         0  led.o ABSOLUTE
    Os.c                                     0x00000000   Number         0  os.o ABSOLUTE
    Port.c                                   0x00000000   Number         0  port.o ABSOLUTE
    Port_PBcfg.c                             0x00000000   Number         0  port_pbcfg.o ABSOLUTE
    RTE/Device/TM4C123GH6PM/startup_TM4C123.s 0x00000000   Number         0  startup_tm4c123.o ABSOLUTE
    dc.s                                     0x00000000   Number         0  dc.o ABSOLUTE
    dd.c                                     0x00000000   Number         0  dd.o ABSOLUTE
    main.c                                   0x00000000   Number         0  main.o ABSOLUTE
    system_TM4C123.c                         0x00000000   Number         0  system_tm4c123.o ABSOLUTE
    RESET                                    0x00000000   Section      620  startup_tm4c123.o(RESET)
    !!!main                                  0x0000026c   Section        8  __main.o(!!!main)
    !!!scatter                               0x00000274   Section       52  __scatter.o(!!!scatter)
    !!handler_copy                           0x000002a8   Section       26  __scatter_copy.o(!!handler_copy)
    !!handler_zi                             0x000002c4   Section       28  __scatter_zi.o(!!handler_zi)
    .ARM.Collect$$libinit$$00000000          0x000002e0   Section        2  libinit.o(.ARM.Collect$$libinit$$00000000)
    .ARM.Collect$$libinit$$00000001          0x000002e2   Section        4  libinit2.o(.ARM.Collect$$libinit$$00000001)
    .ARM.Collect$$libinit$$00000004          0x000002e6   Section        0  libinit2.o(.ARM.Collect$$libinit$$00000004)
    .ARM.Collect$$libinit$$0000000A          0x000002e6   Section        0  libinit2.o(.ARM.Collect$$libinit$$0000000A)
    .ARM.Collect$$libinit$$0000000C          0x000002e6   Section        0  libinit2.o(.ARM.Collect$$libinit$$0000000C)
    .ARM.Collect$$libinit$$0000000E          0x000002e6   Section        0  libinit2.o(.ARM.Collect$$libinit$$0000000E)
    .ARM.Collect$$libinit$$00000011          0x000002e6   Section        0  libinit2.o(.ARM.Collect$$libinit$$00000011)
    .ARM.Collect$$libinit$$00000013          0x000002e6   Section        0  libinit2.o(.ARM.Collect$$libinit$$00000013)
    .ARM.Collect$$libinit$$00000015          0x000002e6   Section        0  libinit2.o(.ARM.Collect$$libinit$$00000015)
    .ARM.Collect$$libinit$$00000017          0x000002e6   Section        0  libinit2.o(.ARM.Collect$$libinit$$00000017)
    .ARM.Collect$$libinit$$00000019          0x000002e6   Section        0  libinit2.o(.ARM.Collect$$libinit$$00000019)
    .ARM.Collect$$libinit$$0000001B          0x000002e6   Section        0  libinit2.o(.ARM.Collect$$libinit$$0000001B)
    .ARM.Collect$$libinit$$0000001D          0x000002e6   Section        0  libinit2.o(.ARM.Collect$$libinit$$0000001D)
    .ARM.Collect$$libinit$$0000001F          0x000002e6   Section        0  libinit2.o(.ARM.Collect$$libinit$$0000001F)
    .ARM.Collect$$libinit$$00000021          0x000002e6   Section        0  libinit2.o(.ARM.Collect$$libinit$$00000021)
    .ARM.Collect$$libinit$$00000023          0x000002e6   Section        0  libinit2.o(.ARM.Collect$$libinit$$00000023)
    .ARM.Collect$$libinit$$00000025          0x000002e6   Section        0  libinit2.o(.ARM.Collect$$libinit$$00000025)
    .ARM.Collect$$libinit$$0000002C          0x000002e6   Section        0  libinit2.o(.ARM.Collect$$libinit$$0000002C)
    .ARM.Collect$$libinit$$0000002E          0x000002e6   Section        0  libinit2.o(.ARM.Collect$$libinit$$0000002E)
    .ARM.Collect$$libinit$$00000030          0x000002e6   Section        0  libinit2.o(.ARM.Collect$$libinit$$00000030)
    .ARM.Collect$$libinit$$00000032          0x000002e6   Section        0  libinit2.o(.ARM.Collect$$libinit$$00000032)
    .ARM.Collect$$libinit$$00000033          0x000002e6   Section        2  libinit2.o(.ARM.Collect$$libinit$$00000033)
    .ARM.Collect$$libshutdown$$00000000      0x000002e8   Section        2  libshutdown.o(.ARM.Collect$$libshutdown$$00000000)
    .ARM.Collect$$libshutdown$$00000002      0x000002ea   Section        0  libshutdown2.o(.ARM.Collect$$libshutdown$$00000002)
    .ARM.Collect$$libshutdown$$00000004      0x000002ea   Section        0  libshutdown2.o(.ARM.Collect$$libshutdown$$00000004)
    .ARM.Collect$$libshutdown$$00000007      0x000002ea   Section        0  libshutdown2.o(.ARM.Collect$$libshutdown$$00000007)
    .ARM.Collect$$libshutdown$$0000000A      0x000002ea   Section        0  libshutdown2.o(.ARM.Collect$$libshutdown$$0000000A)
    .ARM.Collect$$libshutdown$$0000000C      0x000002ea   Section        0  libshutdown2.o(.ARM.Collect$$libshutdown$$0000000C)
    .ARM.Collect$$libshutdown$$0000000F      0x000002ea   Section        0  libshutdown2.o(.ARM.Collect$$libshutdown$$0000000F)
    .ARM.Collect$$libshutdown$$00000010      0x000002ea   Section        2  libshutdown2.o(.ARM.Collect$$libshutdown$$00000010)
    .ARM.Collect$$rtentry$$00000000          0x000002ec   Section        0  __rtentry.o(.ARM.Collect$$rtentry$$00000000)
    .ARM.Collect$$rtentry$$00000002          0x000002ec   Section        0  __rtentry2.o(.ARM.Collect$$rtentry$$00000002)
    .ARM.Collect$$rtentry$$00000004          0x000002ec   Section        6  __rtentry4.o(.ARM.Collect$$rtentry$$00000004)
    .ARM.Collect$$rtentry$$00000009          0x000002f2   Section        0  __rtentry2.o(.ARM.Collect$$rtentry$$00000009)
    .ARM.Collect$$rtentry$$0000000A          0x000002f2   Section        4  __rtentry2.o(.ARM.Collect$$rtentry$$0000000A)
    .ARM.Collect$$rtentry$$0000000C          0x000002f6   Section        0  __rtentry2.o(.ARM.Collect$$rtentry$$0000000C)
    .ARM.Collect$$rtentry$$0000000D          0x000002f6   Section        8  __rtentry2.o(.ARM.Collect$$rtentry$$0000000D)
    .ARM.Collect$$rtexit$$00000000           0x000002fe   Section        2  rtexit.o(.ARM.Collect$$rtexit$$00000000)
    .ARM.Collect$$rtexit$$00000002           0x00000300   Section        0  rtexit2.o(.ARM.Collect$$rtexit$$00000002)
    .ARM.Collect$$rtexit$$00000003           0x00000300   Section        4  rtexit2.o(.ARM.Collect$$rtexit$$00000003)
    .ARM.Collect$$rtexit$$00000004           0x00000304   Section        6  rtexit2.o(.ARM.Collect$$rtexit$$00000004)
    $v0                                      0x0000030c   Number         0  startup_tm4c123.o(.text)
    .text                                    0x0000030c   Section      276  startup_tm4c123.o(.text)
    .text                                    0x00000420   Section        0  heapauxi.o(.text)
    .text                                    0x00000426   Section       74  sys_stackheap_outer.o(.text)
    .text                                    0x00000470   Section        0  exit.o(.text)
    .text                                    0x00000484   Section        8  libspace.o(.text)
    .text                                    0x0000048c   Section        0  sys_exit.o(.text)
    .text                                    0x00000498   Section        2  use_no_semi.o(.text)
    .text                                    0x0000049a   Section        0  indicate_semi.o(.text)
    [Anonymous Symbol]                       0x0000049c   Section        0  app.o(.text.App_Task)
    [Anonymous Symbol]                       0x000004c8   Section        0  button.o(.text.BUTTON_getState)
    [Anonymous Symbol]                       0x000004d8   Section        0  button.o(.text.BUTTON_refreshState)
    [Anonymous Symbol]                       0x00000540   Section        0  app.o(.text.Button_Task)
    [Anonymous Symbol]                       0x00000548   Section        0  det.o(.text.Det_ReportError)
    [Anonymous Symbol]                       0x00000578   Section        0  dio.o(.text.Dio_FlipChannel)
    [Anonymous Symbol]                       0x00000650   Section        0  dio.o(.text.Dio_Init)
    [Anonymous Symbol]                       0x00000688   Section        0  dio.o(.text.Dio_ReadChannel)
    [Anonymous Symbol]                       0x0000074c   Section        0  dio.o(.text.Dio_WriteChannel)
    [Anonymous Symbol]                       0x00000838   Section        0  app.o(.text.Init_Task)
    [Anonymous Symbol]                       0x00000854   Section        0  led.o(.text.LED_refreshOutput)
    [Anonymous Symbol]                       0x00000868   Section        0  led.o(.text.LED_toggle)
    [Anonymous Symbol]                       0x00000874   Section        0  app.o(.text.Led_Task)
    [Anonymous Symbol]                       0x0000087c   Section        0  os.o(.text.Os_NewTimerTick)
    [Anonymous Symbol]                       0x00000898   Section        0  os.o(.text.Os_Scheduler)
    [Anonymous Symbol]                       0x00000904   Section        0  os.o(.text.Os_start)
    [Anonymous Symbol]                       0x00000920   Section        0  port.o(.text.Port_Init)
    [Anonymous Symbol]                       0x00000b34   Section        0  gpt.o(.text.SysTick_Handler)
    [Anonymous Symbol]                       0x00000b48   Section        0  gpt.o(.text.SysTick_SetCallBack)
    [Anonymous Symbol]                       0x00000b54   Section        0  gpt.o(.text.SysTick_Start)
    [Anonymous Symbol]                       0x00000b84   Section        0  system_tm4c123.o(.text.SystemInit)
    [Anonymous Symbol]                       0x00000bf4   Section        0  main.o(.text.main)
    $v0                                      0x00000bfe   Number         0  fpinit.o(x$fpl$fpinit)
    x$fpl$fpinit                             0x00000bfe   Section       26  fpinit.o(x$fpl$fpinit)
    App_Task.button_current_state            0x20000000   Data           1  app.o(.data.App_Task.button_current_state)
    [Anonymous Symbol]                       0x20000000   Section        0  app.o(.data.App_Task.button_current_state)
    App_Task.button_previous_state           0x20000001   Data           1  app.o(.data.App_Task.button_previous_state)
    [Anonymous Symbol]                       0x20000001   Section        0  app.o(.data.App_Task.button_previous_state)
    .bss                                     0x20000008   Section       96  libspace.o(.bss)
    BUTTON_refreshState.g_Pressed_Count      0x20000068   Data           1  button.o(.bss.BUTTON_refreshState.g_Pressed_Count)
    [Anonymous Symbol]                       0x20000068   Section        0  button.o(.bss.BUTTON_refreshState.g_Pressed_Count)
    BUTTON_refreshState.g_Released_Count     0x20000069   Data           1  button.o(.bss.BUTTON_refreshState.g_Released_Count)
    [Anonymous Symbol]                       0x20000069   Section        0  button.o(.bss.BUTTON_refreshState.g_Released_Count)
    Dio_PortChannels                         0x20000070   Data           4  dio.o(.bss.Dio_PortChannels)
    [Anonymous Symbol]                       0x20000070   Section        0  dio.o(.bss.Dio_PortChannels)
    Dio_Ports                                0x20000074   Data           4  dio.o(.bss.Dio_Ports)
    [Anonymous Symbol]                       0x20000074   Section        0  dio.o(.bss.Dio_Ports)
    Dio_Status                               0x20000078   Data           1  dio.o(.bss.Dio_Status)
    [Anonymous Symbol]                       0x20000078   Section        0  dio.o(.bss.Dio_Status)
    Port_Pins                                0x2000007c   Data           4  port.o(.bss.Port_Pins)
    [Anonymous Symbol]                       0x2000007c   Section        0  port.o(.bss.Port_Pins)
    Port_Status                              0x20000080   Data           1  port.o(.bss.Port_Status)
    [Anonymous Symbol]                       0x20000080   Section        0  port.o(.bss.Port_Status)
    g_New_Time_Tick_Flag                     0x20000081   Data           1  os.o(.bss.g_New_Time_Tick_Flag)
    [Anonymous Symbol]                       0x20000081   Section        0  os.o(.bss.g_New_Time_Tick_Flag)
    g_SysTick_Call_Back_Ptr                  0x20000084   Data           4  gpt.o(.bss.g_SysTick_Call_Back_Ptr)
    [Anonymous Symbol]                       0x20000084   Section        0  gpt.o(.bss.g_SysTick_Call_Back_Ptr)
    g_Time_Tick_Count                        0x20000088   Data           1  os.o(.bss.g_Time_Tick_Count)
    [Anonymous Symbol]                       0x20000088   Section        0  os.o(.bss.g_Time_Tick_Count)
    g_button_state                           0x20000089   Data           1  button.o(.bss.g_button_state)
    [Anonymous Symbol]                       0x20000089   Section        0  button.o(.bss.g_button_state)
    Heap_Mem                                 0x20000090   Data           0  startup_tm4c123.o(HEAP)
    Stack_Mem                                0x20000090   Data         512  startup_tm4c123.o(STACK)
    HEAP                                     0x20000090   Section        0  startup_tm4c123.o(HEAP)
    STACK                                    0x20000090   Section      512  startup_tm4c123.o(STACK)
    __initial_sp                             0x20000290   Data           0  startup_tm4c123.o(STACK)

    Global Symbols

    Symbol Name                              Value     Ov Type        Size  Object(Section)

    BuildAttributes$$THM_ISAv4$E$P$D$K$B$S$7EM$VFPi3$EXTD16$VFPS$VFMA$PE$A:L22UL41UL21$X:L11$S22US41US21$IEEE1$IW$~IW$USESV6$~STKCKD$USESV7$~SHL$OTIME$ROPI$EBA8$UX$STANDARDLIB$REQ8$PRES8$EABIv2 0x00000000   Number         0  anon$$obj.o ABSOLUTE
    __Vectors                                0x00000000   Data           4  startup_tm4c123.o(RESET)
    __ARM_exceptions_init                     - Undefined Weak Reference
    __alloca_initialize                       - Undefined Weak Reference
    __arm_preinit_                            - Undefined Weak Reference
    __cpp_initialize__aeabi_                  - Undefined Weak Reference
    __cxa_finalize                            - Undefined Weak Reference
    __rt_locale                               - Undefined Weak Reference
    __sigvec_lookup                           - Undefined Weak Reference
    _atexit_init                              - Undefined Weak Reference
    _call_atexit_fns                          - Undefined Weak Reference
    _clock_init                               - Undefined Weak Reference
    _fp_trap_init                             - Undefined Weak Reference
    _fp_trap_shutdown                         - Undefined Weak Reference
    _get_lc_collate                           - Undefined Weak Reference
    _get_lc_ctype                             - Undefined Weak Reference
    _get_lc_monetary                          - Undefined Weak Reference
    _get_lc_numeric                           - Undefined Weak Reference
    _get_lc_time                              - Undefined Weak Reference
    _getenv_init                              - Undefined Weak Reference
    _handle_redirection                       - Undefined Weak Reference
    _init_alloc                               - Undefined Weak Reference
    _init_user_alloc                          - Undefined Weak Reference
    _initio                                   - Undefined Weak Reference
    _rand_init                                - Undefined Weak Reference
    _signal_finish                            - Undefined Weak Reference
    _signal_init                              - Undefined Weak Reference
    _terminate_alloc                          - Undefined Weak Reference
    _terminate_user_alloc                     - Undefined Weak Reference
    _terminateio                              - Undefined Weak Reference
    __Vectors_End                            0x0000026c   Data           0  startup_tm4c123.o(RESET)
    __Vectors_Size                           0x0000026c   Number         0  startup_tm4c123.o ABSOLUTE
    __main                                   0x0000026d   Thumb Code     8  __main.o(!!!main)
    __scatterload                            0x00000275   Thumb Code     0  __scatter.o(!!!scatter)
    __scatterload_rt2                        0x00000275   Thumb Code    44  __scatter.o(!!!scatter)
    __scatterload_rt2_thumb_only             0x00000275   Thumb Code     0  __scatter.o(!!!scatter)
    __scatterload_null                       0x00000283   Thumb Code     0  __scatter.o(!!!scatter)
    __scatterload_copy                       0x000002a9   Thumb Code    26  __scatter_copy.o(!!handler_copy)
    __scatterload_zeroinit                   0x000002c5   Thumb Code    28  __scatter_zi.o(!!handler_zi)
    __rt_lib_init                            0x000002e1   Thumb Code     0  libinit.o(.ARM.Collect$$libinit$$00000000)
    __rt_lib_init_fp_1                       0x000002e3   Thumb Code     0  libinit2.o(.ARM.Collect$$libinit$$00000001)
    __rt_lib_init_alloca_1                   0x000002e7   Thumb Code     0  libinit2.o(.ARM.Collect$$libinit$$0000002E)
    __rt_lib_init_argv_1                     0x000002e7   Thumb Code     0  libinit2.o(.ARM.Collect$$libinit$$0000002C)
    __rt_lib_init_atexit_1                   0x000002e7   Thumb Code     0  libinit2.o(.ARM.Collect$$libinit$$0000001B)
    __rt_lib_init_clock_1                    0x000002e7   Thumb Code     0  libinit2.o(.ARM.Collect$$libinit$$00000021)
    __rt_lib_init_cpp_1                      0x000002e7   Thumb Code     0  libinit2.o(.ARM.Collect$$libinit$$00000032)
    __rt_lib_init_exceptions_1               0x000002e7   Thumb Code     0  libinit2.o(.ARM.Collect$$libinit$$00000030)
    __rt_lib_init_fp_trap_1                  0x000002e7   Thumb Code     0  libinit2.o(.ARM.Collect$$libinit$$0000001F)
    __rt_lib_init_getenv_1                   0x000002e7   Thumb Code     0  libinit2.o(.ARM.Collect$$libinit$$00000023)
    __rt_lib_init_heap_1                     0x000002e7   Thumb Code     0  libinit2.o(.ARM.Collect$$libinit$$0000000A)
    __rt_lib_init_lc_collate_1               0x000002e7   Thumb Code     0  libinit2.o(.ARM.Collect$$libinit$$00000011)
    __rt_lib_init_lc_ctype_1                 0x000002e7   Thumb Code     0  libinit2.o(.ARM.Collect$$libinit$$00000013)
    __rt_lib_init_lc_monetary_1              0x000002e7   Thumb Code     0  libinit2.o(.ARM.Collect$$libinit$$00000015)
    __rt_lib_init_lc_numeric_1               0x000002e7   Thumb Code     0  libinit2.o(.ARM.Collect$$libinit$$00000017)
    __rt_lib_init_lc_time_1                  0x000002e7   Thumb Code     0  libinit2.o(.ARM.Collect$$libinit$$00000019)
    __rt_lib_init_preinit_1                  0x000002e7   Thumb Code     0  libinit2.o(.ARM.Collect$$libinit$$00000004)
    __rt_lib_init_rand_1                     0x000002e7   Thumb Code     0  libinit2.o(.ARM.Collect$$libinit$$0000000E)
    __rt_lib_init_return                     0x000002e7   Thumb Code     0  libinit2.o(.ARM.Collect$$libinit$$00000033)
    __rt_lib_init_signal_1                   0x000002e7   Thumb Code     0  libinit2.o(.ARM.Collect$$libinit$$0000001D)
    __rt_lib_init_stdio_1                    0x000002e7   Thumb Code     0  libinit2.o(.ARM.Collect$$libinit$$00000025)
    __rt_lib_init_user_alloc_1               0x000002e7   Thumb Code     0  libinit2.o(.ARM.Collect$$libinit$$0000000C)
    __rt_lib_shutdown                        0x000002e9   Thumb Code     0  libshutdown.o(.ARM.Collect$$libshutdown$$00000000)
    __rt_lib_shutdown_cpp_1                  0x000002eb   Thumb Code     0  libshutdown2.o(.ARM.Collect$$libshutdown$$00000002)
    __rt_lib_shutdown_fp_trap_1              0x000002eb   Thumb Code     0  libshutdown2.o(.ARM.Collect$$libshutdown$$00000007)
    __rt_lib_shutdown_heap_1                 0x000002eb   Thumb Code     0  libshutdown2.o(.ARM.Collect$$libshutdown$$0000000F)
    __rt_lib_shutdown_return                 0x000002eb   Thumb Code     0  libshutdown2.o(.ARM.Collect$$libshutdown$$00000010)
    __rt_lib_shutdown_signal_1               0x000002eb   Thumb Code     0  libshutdown2.o(.ARM.Collect$$libshutdown$$0000000A)
    __rt_lib_shutdown_stdio_1                0x000002eb   Thumb Code     0  libshutdown2.o(.ARM.Collect$$libshutdown$$00000004)
    __rt_lib_shutdown_user_alloc_1           0x000002eb   Thumb Code     0  libshutdown2.o(.ARM.Collect$$libshutdown$$0000000C)
    __rt_entry                               0x000002ed   Thumb Code     0  __rtentry.o(.ARM.Collect$$rtentry$$00000000)
    __rt_entry_presh_1                       0x000002ed   Thumb Code     0  __rtentry2.o(.ARM.Collect$$rtentry$$00000002)
    __rt_entry_sh                            0x000002ed   Thumb Code     0  __rtentry4.o(.ARM.Collect$$rtentry$$00000004)
    __rt_entry_li                            0x000002f3   Thumb Code     0  __rtentry2.o(.ARM.Collect$$rtentry$$0000000A)
    __rt_entry_postsh_1                      0x000002f3   Thumb Code     0  __rtentry2.o(.ARM.Collect$$rtentry$$00000009)
    __rt_entry_main                          0x000002f7   Thumb Code     0  __rtentry2.o(.ARM.Collect$$rtentry$$0000000D)
    __rt_entry_postli_1                      0x000002f7   Thumb Code     0  __rtentry2.o(.ARM.Collect$$rtentry$$0000000C)
    __rt_exit                                0x000002ff   Thumb Code     0  rtexit.o(.ARM.Collect$$rtexit$$00000000)
    __rt_exit_ls                             0x00000301   Thumb Code     0  rtexit2.o(.ARM.Collect$$rtexit$$00000003)
    __rt_exit_prels_1                        0x00000301   Thumb Code     0  rtexit2.o(.ARM.Collect$$rtexit$$00000002)
    __rt_exit_exit                           0x00000305   Thumb Code     0  rtexit2.o(.ARM.Collect$$rtexit$$00000004)
    Reset_Handler                            0x0000030d   Thumb Code     8  startup_tm4c123.o(.text)
    NMI_Handler                              0x00000315   Thumb Code     2  startup_tm4c123.o(.text)
    HardFault_Handler                        0x00000317   Thumb Code     2  startup_tm4c123.o(.text)
    MemManage_Handler                        0x00000319   Thumb Code     2  startup_tm4c123.o(.text)
    BusFault_Handler                         0x0000031b   Thumb Code     2  startup_tm4c123.o(.text)
    UsageFault_Handler                       0x0000031d   Thumb Code     2  startup_tm4c123.o(.text)
    SVC_Handler                              0x0000031f   Thumb Code     2  startup_tm4c123.o(.text)
    DebugMon_Handler                         0x00000321   Thumb Code     2  startup_tm4c123.o(.text)
    PendSV_Handler                           0x00000323   Thumb Code     2  startup_tm4c123.o(.text)
    GPIOA_Handler                            0x00000327   Thumb Code     2  startup_tm4c123.o(.text)
    GPIOB_Handler                            0x00000329   Thumb Code     2  startup_tm4c123.o(.text)
    GPIOC_Handler                            0x0000032b   Thumb Code     2  startup_tm4c123.o(.text)
    GPIOD_Handler                            0x0000032d   Thumb Code     2  startup_tm4c123.o(.text)
    GPIOE_Handler                            0x0000032f   Thumb Code     2  startup_tm4c123.o(.text)
    UART0_Handler                            0x00000331   Thumb Code     2  startup_tm4c123.o(.text)
    UART1_Handler                            0x00000333   Thumb Code     2  startup_tm4c123.o(.text)
    SSI0_Handler                             0x00000335   Thumb Code     2  startup_tm4c123.o(.text)
    I2C0_Handler                             0x00000337   Thumb Code     2  startup_tm4c123.o(.text)
    PMW0_FAULT_Handler                       0x00000339   Thumb Code     2  startup_tm4c123.o(.text)
    PWM0_0_Handler                           0x0000033b   Thumb Code     2  startup_tm4c123.o(.text)
    PWM0_1_Handler                           0x0000033d   Thumb Code     2  startup_tm4c123.o(.text)
    PWM0_2_Handler                           0x0000033f   Thumb Code     2  startup_tm4c123.o(.text)
    QEI0_Handler                             0x00000341   Thumb Code     2  startup_tm4c123.o(.text)
    ADC0SS0_Handler                          0x00000343   Thumb Code     2  startup_tm4c123.o(.text)
    ADC0SS1_Handler                          0x00000345   Thumb Code     2  startup_tm4c123.o(.text)
    ADC0SS2_Handler                          0x00000347   Thumb Code     2  startup_tm4c123.o(.text)
    ADC0SS3_Handler                          0x00000349   Thumb Code     2  startup_tm4c123.o(.text)
    WDT0_Handler                             0x0000034b   Thumb Code     2  startup_tm4c123.o(.text)
    TIMER0A_Handler                          0x0000034d   Thumb Code     2  startup_tm4c123.o(.text)
    TIMER0B_Handler                          0x0000034f   Thumb Code     2  startup_tm4c123.o(.text)
    TIMER1A_Handler                          0x00000351   Thumb Code     2  startup_tm4c123.o(.text)
    TIMER1B_Handler                          0x00000353   Thumb Code     2  startup_tm4c123.o(.text)
    TIMER2A_Handler                          0x00000355   Thumb Code     2  startup_tm4c123.o(.text)
    TIMER2B_Handler                          0x00000357   Thumb Code     2  startup_tm4c123.o(.text)
    COMP0_Handler                            0x00000359   Thumb Code     2  startup_tm4c123.o(.text)
    COMP1_Handler                            0x0000035b   Thumb Code     2  startup_tm4c123.o(.text)
    COMP2_Handler                            0x0000035d   Thumb Code     2  startup_tm4c123.o(.text)
    SYSCTL_Handler                           0x0000035f   Thumb Code     2  startup_tm4c123.o(.text)
    FLASH_Handler                            0x00000361   Thumb Code     2  startup_tm4c123.o(.text)
    GPIOF_Handler                            0x00000363   Thumb Code     2  startup_tm4c123.o(.text)
    GPIOG_Handler                            0x00000365   Thumb Code     2  startup_tm4c123.o(.text)
    GPIOH_Handler                            0x00000367   Thumb Code     2  startup_tm4c123.o(.text)
    UART2_Handler                            0x00000369   Thumb Code     2  startup_tm4c123.o(.text)
    SSI1_Handler                             0x0000036b   Thumb Code     2  startup_tm4c123.o(.text)
    TIMER3A_Handler                          0x0000036d   Thumb Code     2  startup_tm4c123.o(.text)
    TIMER3B_Handler                          0x0000036f   Thumb Code     2  startup_tm4c123.o(.text)
    I2C1_Handler                             0x00000371   Thumb Code     2  startup_tm4c123.o(.text)
    QEI1_Handler                             0x00000373   Thumb Code     2  startup_tm4c123.o(.text)
    CAN0_Handler                             0x00000375   Thumb Code     2  startup_tm4c123.o(.text)
    CAN1_Handler                             0x00000377   Thumb Code     2  startup_tm4c123.o(.text)
    CAN2_Handler                             0x00000379   Thumb Code     2  startup_tm4c123.o(.text)
    HIB_Handler                              0x0000037b   Thumb Code     2  startup_tm4c123.o(.text)
    USB0_Handler                             0x0000037d   Thumb Code     2  startup_tm4c123.o(.text)
    PWM0_3_Handler                           0x0000037f   Thumb Code     2  startup_tm4c123.o(.text)
    UDMA_Handler                             0x00000381   Thumb Code     2  startup_tm4c123.o(.text)
    UDMAERR_Handler                          0x00000383   Thumb Code     2  startup_tm4c123.o(.text)
    ADC1SS0_Handler                          0x00000385   Thumb Code     2  startup_tm4c123.o(.text)
    ADC1SS1_Handler                          0x00000387   Thumb Code     2  startup_tm4c123.o(.text)
    ADC1SS2_Handler                          0x00000389   Thumb Code     2  startup_tm4c123.o(.text)
    ADC1SS3_Handler                          0x0000038b   Thumb Code     2  startup_tm4c123.o(.text)
    GPIOJ_Handler                            0x0000038d   Thumb Code     2  startup_tm4c123.o(.text)
    GPIOK_Handler                            0x0000038f   Thumb Code     2  startup_tm4c123.o(.text)
    GPIOL_Handler                            0x00000391   Thumb Code     2  startup_tm4c123.o(.text)
    SSI2_Handler                             0x00000393   Thumb Code     2  startup_tm4c123.o(.text)
    SSI3_Handler                             0x00000395   Thumb Code     2  startup_tm4c123.o(.text)
    UART3_Handler                            0x00000397   Thumb Code     2  startup_tm4c123.o(.text)
    UART4_Handler                            0x00000399   Thumb Code     2  startup_tm4c123.o(.text)
    UART5_Handler                            0x0000039b   Thumb Code     2  startup_tm4c123.o(.text)
    UART6_Handler                            0x0000039d   Thumb Code     2  startup_tm4c123.o(.text)
    UART7_Handler                            0x0000039f   Thumb Code     2  startup_tm4c123.o(.text)
    I2C2_Handler                             0x000003a1   Thumb Code     2  startup_tm4c123.o(.text)
    I2C3_Handler                             0x000003a3   Thumb Code     2  startup_tm4c123.o(.text)
    TIMER4A_Handler                          0x000003a5   Thumb Code     2  startup_tm4c123.o(.text)
    TIMER4B_Handler                          0x000003a7   Thumb Code     2  startup_tm4c123.o(.text)
    TIMER5A_Handler                          0x000003a9   Thumb Code     2  startup_tm4c123.o(.text)
    TIMER5B_Handler                          0x000003ab   Thumb Code     2  startup_tm4c123.o(.text)
    WTIMER0A_Handler                         0x000003ad   Thumb Code     2  startup_tm4c123.o(.text)
    WTIMER0B_Handler                         0x000003af   Thumb Code     2  startup_tm4c123.o(.text)
    WTIMER1A_Handler                         0x000003b1   Thumb Code     2  startup_tm4c123.o(.text)
    WTIMER1B_Handler                         0x000003b3   Thumb Code     2  startup_tm4c123.o(.text)
    WTIMER2A_Handler                         0x000003b5   Thumb Code     2  startup_tm4c123.o(.text)
    WTIMER2B_Handler                         0x000003b7   Thumb Code     2  startup_tm4c123.o(.text)
    WTIMER3A_Handler                         0x000003b9   Thumb Code     2  startup_tm4c123.o(.text)
    WTIMER3B_Handler                         0x000003bb   Thumb Code     2  startup_tm4c123.o(.text)
    WTIMER4A_Handler                         0x000003bd   Thumb Code     2  startup_tm4c123.o(.text)
    WTIMER4B_Handler                         0x000003bf   Thumb Code     2  startup_tm4c123.o(.text)
    WTIMER5A_Handler                         0x000003c1   Thumb Code     2  startup_tm4c123.o(.text)
    WTIMER5B_Handler                         0x000003c3   Thumb Code     2  startup_tm4c123.o(.text)
    FPU_Handler                              0x000003c5   Thumb Code     2  startup_tm4c123.o(.text)
    I2C4_Handler                             0x000003c7   Thumb Code     2  startup_tm4c123.o(.text)
    I2C5_Handler                             0x000003c9   Thumb Code     2  startup_tm4c123.o(.text)
    GPIOM_Handler                            0x000003cb   Thumb Code     2  startup_tm4c123.o(.text)
    GPION_Handler                            0x000003cd   Thumb Code     2  startup_tm4c123.o(.text)
    QEI2_Handler                             0x000003cf   Thumb Code     2  startup_tm4c123.o(.text)
    GPIOP0_Handler                           0x000003d1   Thumb Code     2  startup_tm4c123.o(.text)
    GPIOP1_Handler                           0x000003d3   Thumb Code     2  startup_tm4c123.o(.text)
    GPIOP2_Handler                           0x000003d5   Thumb Code     2  startup_tm4c123.o(.text)
    GPIOP3_Handler                           0x000003d7   Thumb Code     2  startup_tm4c123.o(.text)
    GPIOP4_Handler                           0x000003d9   Thumb Code     2  startup_tm4c123.o(.text)
    GPIOP5_Handler                           0x000003db   Thumb Code     2  startup_tm4c123.o(.text)
    GPIOP6_Handler                           0x000003dd   Thumb Code     2  startup_tm4c123.o(.text)
    GPIOP7_Handler                           0x000003df   Thumb Code     2  startup_tm4c123.o(.text)
    GPIOQ0_Handler                           0x000003e1   Thumb Code     2  startup_tm4c123.o(.text)
    GPIOQ1_Handler                           0x000003e3   Thumb Code     2  startup_tm4c123.o(.text)
    GPIOQ2_Handler                           0x000003e5   Thumb Code     2  startup_tm4c123.o(.text)
    GPIOQ3_Handler                           0x000003e7   Thumb Code     2  startup_tm4c123.o(.text)
    GPIOQ4_Handler                           0x000003e9   Thumb Code     2  startup_tm4c123.o(.text)
    GPIOQ5_Handler                           0x000003eb   Thumb Code     2  startup_tm4c123.o(.text)
    GPIOQ6_Handler                           0x000003ed   Thumb Code     2  startup_tm4c123.o(.text)
    GPIOQ7_Handler                           0x000003ef   Thumb Code     2  startup_tm4c123.o(.text)
    GPIOR_Handler                            0x000003f1   Thumb Code     2  startup_tm4c123.o(.text)
    GPIOS_Handler                            0x000003f3   Thumb Code     2  startup_tm4c123.o(.text)
    PMW1_0_Handler                           0x000003f5   Thumb Code     2  startup_tm4c123.o(.text)
    PWM1_1_Handler                           0x000003f7   Thumb Code     2  startup_tm4c123.o(.text)
    PWM1_2_Handler                           0x000003f9   Thumb Code     2  startup_tm4c123.o(.text)
    PWM1_3_Handler                           0x000003fb   Thumb Code     2  startup_tm4c123.o(.text)
    PWM1_FAULT_Handler                       0x000003fd   Thumb Code     2  startup_tm4c123.o(.text)
    __user_initial_stackheap                 0x00000401   Thumb Code     0  startup_tm4c123.o(.text)
    __use_two_region_memory                  0x00000421   Thumb Code     2  heapauxi.o(.text)
    __rt_heap_escrow$2region                 0x00000423   Thumb Code     2  heapauxi.o(.text)
    __rt_heap_expand$2region                 0x00000425   Thumb Code     2  heapauxi.o(.text)
    __user_setup_stackheap                   0x00000427   Thumb Code    74  sys_stackheap_outer.o(.text)
    exit                                     0x00000471   Thumb Code    18  exit.o(.text)
    __user_libspace                          0x00000485   Thumb Code     8  libspace.o(.text)
    __user_perproc_libspace                  0x00000485   Thumb Code     0  libspace.o(.text)
    __user_perthread_libspace                0x00000485   Thumb Code     0  libspace.o(.text)
    _sys_exit                                0x0000048d   Thumb Code     8  sys_exit.o(.text)
    __I$use$semihosting                      0x00000499   Thumb Code     0  use_no_semi.o(.text)
    __use_no_semihosting_swi                 0x00000499   Thumb Code     2  use_no_semi.o(.text)
    __semihosting_library_function           0x0000049b   Thumb Code     0  indicate_semi.o(.text)
    App_Task                                 0x0000049d   Thumb Code    42  app.o(.text.App_Task)
    BUTTON_getState                          0x000004c9   Thumb Code    16  button.o(.text.BUTTON_getState)
    BUTTON_refreshState                      0x000004d9   Thumb Code   102  button.o(.text.BUTTON_refreshState)
    Button_Task                              0x00000541   Thumb Code     8  app.o(.text.Button_Task)
    Det_ReportError                          0x00000549   Thumb Code    46  det.o(.text.Det_ReportError)
    Dio_FlipChannel                          0x00000579   Thumb Code   216  dio.o(.text.Dio_FlipChannel)
    Dio_Init                                 0x00000651   Thumb Code    54  dio.o(.text.Dio_Init)
    Dio_ReadChannel                          0x00000689   Thumb Code   196  dio.o(.text.Dio_ReadChannel)
    Dio_WriteChannel                         0x0000074d   Thumb Code   234  dio.o(.text.Dio_WriteChannel)
    Init_Task                                0x00000839   Thumb Code    28  app.o(.text.Init_Task)
    LED_refreshOutput                        0x00000855   Thumb Code    18  led.o(.text.LED_refreshOutput)
    LED_toggle                               0x00000869   Thumb Code    10  led.o(.text.LED_toggle)
    Led_Task                                 0x00000875   Thumb Code     8  app.o(.text.Led_Task)
    Os_NewTimerTick                          0x0000087d   Thumb Code    28  os.o(.text.Os_NewTimerTick)
    Os_Scheduler                             0x00000899   Thumb Code   106  os.o(.text.Os_Scheduler)
    Os_start                                 0x00000905   Thumb Code    28  os.o(.text.Os_start)
    Port_Init                                0x00000921   Thumb Code   532  port.o(.text.Port_Init)
    SysTick_Handler                          0x00000b35   Thumb Code    20  gpt.o(.text.SysTick_Handler)
    SysTick_SetCallBack                      0x00000b49   Thumb Code    12  gpt.o(.text.SysTick_SetCallBack)
    SysTick_Start                            0x00000b55   Thumb Code    46  gpt.o(.text.SysTick_Start)
    SystemInit                               0x00000b85   Thumb Code   112  system_tm4c123.o(.text.SystemInit)
    main                                     0x00000bf5   Thumb Code    10  main.o(.text.main)
    _fp_init                                 0x00000bff   Thumb Code    26  fpinit.o(x$fpl$fpinit)
    __fplib_config_fpu_vfp                   0x00000c17   Thumb Code     0  fpinit.o(x$fpl$fpinit)
    __fplib_config_pureend_doubles           0x00000c17   Thumb Code     0  fpinit.o(x$fpl$fpinit)
    Dio_Configuration                        0x00000c18   Data           5  dio_pbcfg.o(.rodata.Dio_Configuration)
    Port_Configuration                       0x00000c1d   Data         344  port_pbcfg.o(.rodata.Port_Configuration)
    Region$$Table$$Base                      0x00000d78   Number         0  anon$$obj.o(Region$$Table)
    Region$$Table$$Limit                     0x00000d98   Number         0  anon$$obj.o(Region$$Table)
    __libspace_start                         0x20000008   Data          96  libspace.o(.bss)
    __temporary_stack_top$libspace           0x20000068   Data           0  libspace.o(.bss)
    Det_ApiId                                0x2000006a   Data           1  det.o(.bss.Det_ApiId)
    Det_ErrorId                              0x2000006b   Data           1  det.o(.bss.Det_ErrorId)
    Det_InstanceId                           0x2000006c   Data           1  det.o(.bss.Det_InstanceId)
    Det_ModuleId                             0x2000006e   Data           2  det.o(.bss.Det_ModuleId)



==============================================================================

Memory Map of the image

  Image Entry point : 0x0000030d

  Load Region LR_1 (Base: 0x00000000, Size: 0x00000d9c, Max: 0xffffffff, ABSOLUTE)

    Execution Region ER_RO (Exec base: 0x00000000, Load base: 0x00000000, Size: 0x00000d98, Max: 0xffffffff, ABSOLUTE)

    Exec Addr    Load Addr    Size         Type   Attr      Idx    E Section Name        Object

    0x00000000   0x00000000   0x0000026c   Data   RO          171    RESET               startup_tm4c123.o
    0x0000026c   0x0000026c   0x00000008   Code   RO          198  * !!!main             c_w.l(__main.o)
    0x00000274   0x00000274   0x00000034   Code   RO          361    !!!scatter          c_w.l(__scatter.o)
    0x000002a8   0x000002a8   0x0000001a   Code   RO          363    !!handler_copy      c_w.l(__scatter_copy.o)
    0x000002c2   0x000002c2   0x00000002   PAD
    0x000002c4   0x000002c4   0x0000001c   Code   RO          365    !!handler_zi        c_w.l(__scatter_zi.o)
    0x000002e0   0x000002e0   0x00000002   Code   RO          225    .ARM.Collect$$libinit$$00000000  c_w.l(libinit.o)
    0x000002e2   0x000002e2   0x00000004   Code   RO          231    .ARM.Collect$$libinit$$00000001  c_w.l(libinit2.o)
    0x000002e6   0x000002e6   0x00000000   Code   RO          234    .ARM.Collect$$libinit$$00000004  c_w.l(libinit2.o)
    0x000002e6   0x000002e6   0x00000000   Code   RO          237    .ARM.Collect$$libinit$$0000000A  c_w.l(libinit2.o)
    0x000002e6   0x000002e6   0x00000000   Code   RO          239    .ARM.Collect$$libinit$$0000000C  c_w.l(libinit2.o)
    0x000002e6   0x000002e6   0x00000000   Code   RO          241    .ARM.Collect$$libinit$$0000000E  c_w.l(libinit2.o)
    0x000002e6   0x000002e6   0x00000000   Code   RO          244    .ARM.Collect$$libinit$$00000011  c_w.l(libinit2.o)
    0x000002e6   0x000002e6   0x00000000   Code   RO          246    .ARM.Collect$$libinit$$00000013  c_w.l(libinit2.o)
    0x000002e6   0x000002e6   0x00000000   Code   RO          248    .ARM.Collect$$libinit$$00000015  c_w.l(libinit2.o)
    0x000002e6   0x000002e6   0x00000000   Code   RO          250    .ARM.Collect$$libinit$$00000017  c_w.l(libinit2.o)
    0x000002e6   0x000002e6   0x00000000   Code   RO          252    .ARM.Collect$$libinit$$00000019  c_w.l(libinit2.o)
    0x000002e6   0x000002e6   0x00000000   Code   RO          254    .ARM.Collect$$libinit$$0000001B  c_w.l(libinit2.o)
    0x000002e6   0x000002e6   0x00000000   Code   RO          256    .ARM.Collect$$libinit$$0000001D  c_w.l(libinit2.o)
    0x000002e6   0x000002e6   0x00000000   Code   RO          258    .ARM.Collect$$libinit$$0000001F  c_w.l(libinit2.o)
    0x000002e6   0x000002e6   0x00000000   Code   RO          260    .ARM.Collect$$libinit$$00000021  c_w.l(libinit2.o)
    0x000002e6   0x000002e6   0x00000000   Code   RO          262    .ARM.Collect$$libinit$$00000023  c_w.l(libinit2.o)
    0x000002e6   0x000002e6   0x00000000   Code   RO          264    .ARM.Collect$$libinit$$00000025  c_w.l(libinit2.o)
    0x000002e6   0x000002e6   0x00000000   Code   RO          268    .ARM.Collect$$libinit$$0000002C  c_w.l(libinit2.o)
    0x000002e6   0x000002e6   0x00000000   Code   RO          270    .ARM.Collect$$libinit$$0000002E  c_w.l(libinit2.o)
    0x000002e6   0x000002e6   0x00000000   Code   RO          272    .ARM.Collect$$libinit$$00000030  c_w.l(libinit2.o)
    0x000002e6   0x000002e6   0x00000000   Code   RO          274    .ARM.Collect$$libinit$$00000032  c_w.l(libinit2.o)
    0x000002e6   0x000002e6   0x00000002   Code   RO          275    .ARM.Collect$$libinit$$00000033  c_w.l(libinit2.o)
    0x000002e8   0x000002e8   0x00000002   Code   RO          297    .ARM.Collect$$libshutdown$$00000000  c_w.l(libshutdown.o)
    0x000002ea   0x000002ea   0x00000000   Code   RO          312    .ARM.Collect$$libshutdown$$00000002  c_w.l(libshutdown2.o)
    0x000002ea   0x000002ea   0x00000000   Code   RO          314    .ARM.Collect$$libshutdown$$00000004  c_w.l(libshutdown2.o)
    0x000002ea   0x000002ea   0x00000000   Code   RO          317    .ARM.Collect$$libshutdown$$00000007  c_w.l(libshutdown2.o)
    0x000002ea   0x000002ea   0x00000000   Code   RO          320    .ARM.Collect$$libshutdown$$0000000A  c_w.l(libshutdown2.o)
    0x000002ea   0x000002ea   0x00000000   Code   RO          322    .ARM.Collect$$libshutdown$$0000000C  c_w.l(libshutdown2.o)
    0x000002ea   0x000002ea   0x00000000   Code   RO          325    .ARM.Collect$$libshutdown$$0000000F  c_w.l(libshutdown2.o)
    0x000002ea   0x000002ea   0x00000002   Code   RO          326    .ARM.Collect$$libshutdown$$00000010  c_w.l(libshutdown2.o)
    0x000002ec   0x000002ec   0x00000000   Code   RO          200    .ARM.Collect$$rtentry$$00000000  c_w.l(__rtentry.o)
    0x000002ec   0x000002ec   0x00000000   Code   RO          202    .ARM.Collect$$rtentry$$00000002  c_w.l(__rtentry2.o)
    0x000002ec   0x000002ec   0x00000006   Code   RO          214    .ARM.Collect$$rtentry$$00000004  c_w.l(__rtentry4.o)
    0x000002f2   0x000002f2   0x00000000   Code   RO          204    .ARM.Collect$$rtentry$$00000009  c_w.l(__rtentry2.o)
    0x000002f2   0x000002f2   0x00000004   Code   RO          205    .ARM.Collect$$rtentry$$0000000A  c_w.l(__rtentry2.o)
    0x000002f6   0x000002f6   0x00000000   Code   RO          207    .ARM.Collect$$rtentry$$0000000C  c_w.l(__rtentry2.o)
    0x000002f6   0x000002f6   0x00000008   Code   RO          208    .ARM.Collect$$rtentry$$0000000D  c_w.l(__rtentry2.o)
    0x000002fe   0x000002fe   0x00000002   Code   RO          229    .ARM.Collect$$rtexit$$00000000  c_w.l(rtexit.o)
    0x00000300   0x00000300   0x00000000   Code   RO          277    .ARM.Collect$$rtexit$$00000002  c_w.l(rtexit2.o)
    0x00000300   0x00000300   0x00000004   Code   RO          278    .ARM.Collect$$rtexit$$00000003  c_w.l(rtexit2.o)
    0x00000304   0x00000304   0x00000006   Code   RO          279    .ARM.Collect$$rtexit$$00000004  c_w.l(rtexit2.o)
    0x0000030a   0x0000030a   0x00000002   PAD
    0x0000030c   0x0000030c   0x00000114   Code   RO          172  * .text               startup_tm4c123.o
    0x00000420   0x00000420   0x00000006   Code   RO          196    .text               c_w.l(heapauxi.o)
    0x00000426   0x00000426   0x0000004a   Code   RO          216    .text               c_w.l(sys_stackheap_outer.o)
    0x00000470   0x00000470   0x00000012   Code   RO          218    .text               c_w.l(exit.o)
    0x00000482   0x00000482   0x00000002   PAD
    0x00000484   0x00000484   0x00000008   Code   RO          226    .text               c_w.l(libspace.o)
    0x0000048c   0x0000048c   0x0000000c   Code   RO          287    .text               c_w.l(sys_exit.o)
    0x00000498   0x00000498   0x00000002   Code   RO          302    .text               c_w.l(use_no_semi.o)
    0x0000049a   0x0000049a   0x00000000   Code   RO          304    .text               c_w.l(indicate_semi.o)
    0x0000049a   0x0000049a   0x00000002   PAD
    0x0000049c   0x0000049c   0x0000002a   Code   RO            9    .text.App_Task      app.o
    0x000004c6   0x000004c6   0x00000002   PAD
    0x000004c8   0x000004c8   0x00000010   Code   RO           20    .text.BUTTON_getState  button.o
    0x000004d8   0x000004d8   0x00000066   Code   RO           22    .text.BUTTON_refreshState  button.o
    0x0000053e   0x0000053e   0x00000002   PAD
    0x00000540   0x00000540   0x00000008   Code   RO            5    .text.Button_Task   app.o
    0x00000548   0x00000548   0x0000002e   Code   RO           39    .text.Det_ReportError  det.o
    0x00000576   0x00000576   0x00000002   PAD
    0x00000578   0x00000578   0x000000d8   Code   RO           69    .text.Dio_FlipChannel  dio.o
    0x00000650   0x00000650   0x00000036   Code   RO           53    .text.Dio_Init      dio.o
    0x00000686   0x00000686   0x00000002   PAD
    0x00000688   0x00000688   0x000000c4   Code   RO           57    .text.Dio_ReadChannel  dio.o
    0x0000074c   0x0000074c   0x000000ea   Code   RO           55    .text.Dio_WriteChannel  dio.o
    0x00000836   0x00000836   0x00000002   PAD
    0x00000838   0x00000838   0x0000001c   Code   RO            3    .text.Init_Task     app.o
    0x00000854   0x00000854   0x00000012   Code   RO          109    .text.LED_refreshOutput  led.o
    0x00000866   0x00000866   0x00000002   PAD
    0x00000868   0x00000868   0x0000000a   Code   RO          111    .text.LED_toggle    led.o
    0x00000872   0x00000872   0x00000002   PAD
    0x00000874   0x00000874   0x00000008   Code   RO            7    .text.Led_Task      app.o
    0x0000087c   0x0000087c   0x0000001c   Code   RO          131    .text.Os_NewTimerTick  os.o
    0x00000898   0x00000898   0x0000006a   Code   RO          133    .text.Os_Scheduler  os.o
    0x00000902   0x00000902   0x00000002   PAD
    0x00000904   0x00000904   0x0000001c   Code   RO          129    .text.Os_start      os.o
    0x00000920   0x00000920   0x00000214   Code   RO          144    .text.Port_Init     port.o
    0x00000b34   0x00000b34   0x00000014   Code   RO           88    .text.SysTick_Handler  gpt.o
    0x00000b48   0x00000b48   0x0000000c   Code   RO           94    .text.SysTick_SetCallBack  gpt.o
    0x00000b54   0x00000b54   0x0000002e   Code   RO           90    .text.SysTick_Start  gpt.o
    0x00000b82   0x00000b82   0x00000002   PAD
    0x00000b84   0x00000b84   0x00000070   Code   RO          183    .text.SystemInit    system_tm4c123.o
    0x00000bf4   0x00000bf4   0x0000000a   Code   RO          120    .text.main          main.o
    0x00000bfe   0x00000bfe   0x0000001a   Code   RO          285    x$fpl$fpinit        fz_wm.l(fpinit.o)
    0x00000c18   0x00000c18   0x00000005   Data   RO           82    .rodata.Dio_Configuration  dio_pbcfg.o
    0x00000c1d   0x00000c1d   0x00000158   Data   RO          164    .rodata.Port_Configuration  port_pbcfg.o
    0x00000d75   0x00000d75   0x00000003   PAD
    0x00000d78   0x00000d78   0x00000020   Data   RO          360    Region$$Table       anon$$obj.o


    Execution Region ER_RW (Exec base: 0x20000000, Load base: 0x00000d98, Size: 0x00000004, Max: 0xffffffff, ABSOLUTE)

    Exec Addr    Load Addr    Size         Type   Attr      Idx    E Section Name        Object

    0x20000000   0x00000d98   0x00000001   Data   RW           12    .data.App_Task.button_current_state  app.o
    0x20000001   0x00000d99   0x00000001   Data   RW           11    .data.App_Task.button_previous_state  app.o


    Execution Region ER_ZI (Exec base: 0x20000008, Load base: 0x00000d9c, Size: 0x00000288, Max: 0xffffffff, ABSOLUTE)

    Exec Addr    Load Addr    Size         Type   Attr      Idx    E Section Name        Object

    0x20000008        -       0x00000060   Zero   RW          227    .bss                c_w.l(libspace.o)
    0x20000068        -       0x00000001   Zero   RW           25    .bss.BUTTON_refreshState.g_Pressed_Count  button.o
    0x20000069        -       0x00000001   Zero   RW           26    .bss.BUTTON_refreshState.g_Released_Count  button.o
    0x2000006a        -       0x00000001   Zero   RW           43    .bss.Det_ApiId      det.o
    0x2000006b        -       0x00000001   Zero   RW           44    .bss.Det_ErrorId    det.o
    0x2000006c        -       0x00000001   Zero   RW           42    .bss.Det_InstanceId  det.o
    0x2000006d   0x00000d9c   0x00000001   PAD
    0x2000006e        -       0x00000002   Zero   RW           41    .bss.Det_ModuleId   det.o
    0x20000070        -       0x00000004   Zero   RW           72    .bss.Dio_PortChannels  dio.o
    0x20000074        -       0x00000004   Zero   RW           73    .bss.Dio_Ports      dio.o
    0x20000078        -       0x00000001   Zero   RW           71    .bss.Dio_Status     dio.o
    0x20000079   0x00000d9c   0x00000003   PAD
    0x2000007c        -       0x00000004   Zero   RW          155    .bss.Port_Pins      port.o
    0x20000080        -       0x00000001   Zero   RW          154    .bss.Port_Status    port.o
    0x20000081        -       0x00000001   Zero   RW          136    .bss.g_New_Time_Tick_Flag  os.o
    0x20000082   0x00000d9c   0x00000002   PAD
    0x20000084        -       0x00000004   Zero   RW           96    .bss.g_SysTick_Call_Back_Ptr  gpt.o
    0x20000088        -       0x00000001   Zero   RW          135    .bss.g_Time_Tick_Count  os.o
    0x20000089        -       0x00000001   Zero   RW           24    .bss.g_button_state  button.o
    0x2000008a   0x00000d9c   0x00000006   PAD
    0x20000090        -       0x00000000   Zero   RW          170    HEAP                startup_tm4c123.o
    0x20000090        -       0x00000200   Zero   RW          169    STACK               startup_tm4c123.o


==============================================================================

Image component sizes


      Code (inc. data)   RO Data    RW Data    ZI Data      Debug   Object Name

        86          0          0          2          0        880   app.o
       118          0          0          0          3        872   button.o
        46          0          0          0          5       1256   det.o
       700         18          0          0          9       5885   dio.o
         0          0          5          0          0        733   dio_pbcfg.o
        78          0          0          0          4       1034   gpt.o
        28          0          0          0          0        842   led.o
        10          0          0          0          0        404   main.o
       162          0          0          0          2        783   os.o
       532          6          0          0          5       3582   port.o
         0          0        344          0          0        831   port_pbcfg.o
       276         24        620          0        512       5480   startup_tm4c123.o
       112          0          0          0          0       6533   system_tm4c123.o

    ----------------------------------------------------------------------
      2166         48       1004          4        552      29115   Object Totals
         0          0         32          0          0          0   (incl. Generated)
        18          0          3          2         12          0   (incl. Padding)

    ----------------------------------------------------------------------

      Code (inc. data)   RO Data    RW Data    ZI Data      Debug   Library Member Name

         8          0          0          0          0         68   __main.o
         0          0          0          0          0          0   __rtentry.o
        12          0          0          0          0          0   __rtentry2.o
         6          0          0          0          0          0   __rtentry4.o
        52          8          0          0          0          0   __scatter.o
        26          0          0          0          0          0   __scatter_copy.o
        28          0          0          0          0          0   __scatter_zi.o
        18          0          0          0          0         80   exit.o
         6          0          0          0          0        152   heapauxi.o
         0          0          0          0          0          0   indicate_semi.o
         2          0          0          0          0          0   libinit.o
         6          0          0          0          0          0   libinit2.o
         2          0          0          0          0          0   libshutdown.o
         2          0          0          0          0          0   libshutdown2.o
         8          4          0          0         96         68   libspace.o
         2          0          0          0          0          0   rtexit.o
        10          0          0          0          0          0   rtexit2.o
        12          4          0          0          0         68   sys_exit.o
        74          0          0          0          0         80   sys_stackheap_outer.o
         2          0          0          0          0         68   use_no_semi.o
        26          0          0          0          0        116   fpinit.o

    ----------------------------------------------------------------------
       310         16          0          0         96        700   Library Totals
         8          0          0          0          0          0   (incl. Padding)

    ----------------------------------------------------------------------

      Code (inc. data)   RO Data    RW Data    ZI Data      Debug   Library Name

       276         16          0          0         96        584   c_w.l
        26          0          0          0          0        116   fz_wm.l

    ----------------------------------------------------------------------
       310         16          0          0         96        700   Library Totals

    ----------------------------------------------------------------------

==============================================================================


      Code (inc. data)   RO Data    RW Data    ZI Data      Debug   

      2476         64       1004          4        648      29479   Grand Totals
      2476         64       1004          4        648      29479   ELF Image Totals
      2476         64       1004          4          0          0   ROM Totals

==============================================================================

    Total RO  Size (Code + RO Data)                 3480 (   3.40kB)
    Total RW  Size (RW Data + ZI Data)               652 (   0.64kB)
    Total ROM Size (Code + RO Data + RW Data)       3484 (   3.40kB)

==============================================================================

